2026-05-27 00:00:01.490  ٢٣٩٨-٢٩٥١  SurfaceComposerClient   system_server                        D  setCornerRadius ## a841afc com.altayebat.app/com.altayebat.app.MainActivity#63017 cornerRadius=0.000000
2026-05-27 00:00:01.490  ٢٣٩٨-٢٩٥١  SurfaceComposerClient   system_server                        D  setCornerRadius ## 1677f4a Splash Screen com.altayebat.app#63008 cornerRadius=0.000000
2026-05-27 00:00:01.490  ٢٣٩٨-٢٩٥١  SurfaceComposerClient   system_server                        D  setCornerRadius ## a841afc com.altayebat.app/com.altayebat.app.MainActivity#63017 cornerRadius=0.000000
2026-05-27 00:00:01.490  ٢٣٩٨-٢٩٥١  SurfaceComposerClient   system_server                        D  setCornerRadius ## 1677f4a Splash Screen com.altayebat.app#63008 cornerRadius=0.000000
2026-05-27 00:00:01.490  ٢٣٩٨-٢٩٥١  SurfaceComposerClient   system_server                        D  setCornerRadius ## a841afc com.altayebat.app/com.altayebat.app.MainActivity#63017 cornerRadius=0.000000
2026-05-27 00:00:01.493  ٢٣٩٨-٢٩٤٧  PkgPredict...erviceImpl system_server                        I  reportToNAP uid:10403 com.altayebat.app/com.altayebat.app.MainActivity thisTime:1611
2026-05-27 00:00:01.494  ٢٣٩٨-٢٩٤٧  ActivityTaskManager     system_server                        I  Displayed com.altayebat.app/.MainActivity for user 0: +1s611ms
2026-05-27 00:00:01.494  ٢٣٩٨-٢٩٤٧  Pageboost               system_server                        I  Launch time gathered : pid 4844 com.altayebat.app 1611
2026-05-27 00:00:01.496  ٢٣٩٨-٢٩٥٠  SGM:FgCheckThread       system_server                        D  getForegroundApp(), foregroundPkgName=com.altayebat.app
2026-05-27 00:00:01.497  ٢٣٩٨-٤٢٤٣  TaskOrganizerController system_server                        D  applyStartingWindowAnimation, window=Window{1677f4a u0 Splash Screen com.altayebat.app}, caller=com.android.server.wm.ActivityRecord.onCopySplashScreenFinish:40 com.android.server.wm.ActivityTaskManagerService.onSplashScreenViewCopyFinished:41 android.app.IActivityTaskManager$Stub.onTransact:2657 
2026-05-27 00:00:01.497  ٢٣٩٨-٤٢٤٣  WindowManager           system_server                        I  Reparenting to leash, surface=Surface(name=1677f4a Splash Screen com.altayebat.app)/@0x5d94bbf, leashParent=Surface(name=ActivityRecord{81077185 u0 com.altayebat.app/.MainActivity t1095})/@0x753a28c
2026-05-27 00:00:01.497  ١٨٧٨-٤٦٧٢  SurfaceFlinger          surfaceflinger                       I  id=63021 createSurf, flag=24000, Surface(name=1677f4a Splash Screen com.altayebat.app)/@0x5d94bbf - animation-leash of starting_reveal#63021
2026-05-27 00:00:01.497  ٢٣٩٨-٤٢٤٣  WindowManager           system_server                        D  makeSurface duration=0 leash=Surface(name=Surface(name=1677f4a Splash Screen com.altayebat.app)/@0x5d94bbf - animation-leash of starting_reveal)/@0xe6b0dd5
2026-05-27 00:00:01.500  ٢٣٩٨-٢٩٥٠  SGM:FgCheckThread       system_server                        D  noteStopComponent(), received pkgName: com.sec.android.app.launcher, focusedPkgName: com.altayebat.app, userId: 0
2026-05-27 00:00:01.502  ٢٣٩٨-٢٩٤٨  SGM:GameManager         system_server                        D  identifyForegroundApp. com.altayebat.app, mCurrentUserId: 0, callerUserId: 0
2026-05-27 00:00:01.503  ٢٣٩٨-٢٩٤٨  SGM:GameManager         system_server                        D  identifyForegroundApp. com.altayebat.app, mCurrentUserId: 0, callerUserId: 0
2026-05-27 00:00:01.504  ١٨٧٨-١٨٧٨  SurfaceFlinger          surfaceflinger                       I  RequestedLayer [com.altayebat.app/com.altayebat.app.MainActivity$_4844#63018] hidden!! flag  from(1) --> to(0)
2026-05-27 00:00:01.504  ١٨٧٨-١٨٧٨  SurfaceFlinger          surfaceflinger                       I  [Surface(name=1677f4a Splash Screen com.altayebat.app)/@0x5d94bbf - animation-leash of starting_reveal#63021] attach to parent LayerHierarchy{RequestedLayerState{ActivityRecord{81077185 u0 com.altayebat.app/.MainActivity t1095}#63007 parentId=63006} 4 children}
2026-05-27 00:00:01.505  ١٨٧٨-١٨٧٨  LayerHistory            surfaceflinger                       I  com.altayebat.app/com.altayebat.app.MainActivity$_4844#63018 Max (can't resolve refresh rate)
2026-05-27 00:00:01.505  ٢٣٩٨-٢٩٤٨  SurfaceComposerClient   system_server                        D  setCornerRadius ## 1677f4a Splash Screen com.altayebat.app#63008 cornerRadius=0.000000
2026-05-27 00:00:01.505  ٢٣٩٨-٢٩٤٨  SurfaceComposerClient   system_server                        D  setCornerRadius ## a841afc com.altayebat.app/com.altayebat.app.MainActivity#63017 cornerRadius=0.000000
2026-05-27 00:00:01.505  ٢٣٩٨-٢٩٤٨  SurfaceComposerClient   system_server                        D  setCornerRadius ## 1677f4a Splash Screen com.altayebat.app#63008 cornerRadius=0.000000
2026-05-27 00:00:01.505  ٢٣٩٨-٢٩٤٨  SurfaceComposerClient   system_server                        D  setCornerRadius ## a841afc com.altayebat.app/com.altayebat.app.MainActivity#63017 cornerRadius=0.000000
2026-05-27 00:00:01.506  ١٨٧٨-١٨٧٨  SurfaceFlinger          surfaceflinger                       D  Display 4630947191136750483 HWC layers:
                                                                                                           DEVICE |           20804821581826 | 00002102 | RGBA_8888    |    0.0    0.0 1080.0 2340.0 |    0    0 1080 2340 | com.altayebat.app/com.altayebat.app.MainActivity$_4844#63018 (2)
                                                                                                           DEVICE |           16509854307975 | 00002100 | RGBA_8888    |    0.0    0.0 1080.0 2340.0 |    0    0 1080 2340 | Splash Screen com.altayebat.app$_3844#63009 (1)
                                                                                                           DEVICE |           16509854307918 | 00002100 | RGBA_8888    |    0.0    0.0 1080.0   85.0 |    0    0 1080   85 | StatusBar$_3844#98 (61388)
                                                                                                           DEVICE |           19593640819762 | 00002100 | RGBA_8888    |    0.0    0.0   67.0  342.0 | 1013  303 1080  645 | com.sec.android.app.launcher/com.sam[...]l.app.CocktailBarService$_4562#62986 (1)
                                                                                                           DEVICE |           16509854307916 | 00002100 | RGBA_8888    |    0.0    0.0 1080.0  135.0 |    0 2205 1080 2340 | NavigationBar0$_3844#94 (89783)
                                                                                                    
2026-05-27 00:00:01.506  ٢٣٩٨-٤٣٥٨  InputDispatcher         system_server                        D  Focus entered window (0): a841afc com.altayebat.app/com.altayebat.app.MainActivity
2026-05-27 00:00:01.508  ٤٨٤٤-٤٨٤٤  VRI[MainAc...y]@d25c0f6 com.altayebat.app                    D  mThreadedRenderer.initializeIfNeeded()#2 mSurface={isValid=true 0xb4000075a52f6720}
2026-05-27 00:00:01.508  ٤٨٤٤-٤٨٤٤  InputMethodManagerUtils com.altayebat.app                    D  startInputInner - Id : 0
2026-05-27 00:00:01.508  ٤٨٤٤-٤٨٤٤  InputMethodManager      com.altayebat.app                    I  startInputInner - IInputMethodManagerGlobalInvoker.startInputOrWindowGainedFocus
2026-05-27 00:00:01.509  ٢٣٩٨-٣٥٢٧  ImeTracker              system_server                        I  com.altayebat.app:afd452e: onRequestHide at ORIGIN_SERVER reason HIDE_UNSPECIFIED_WINDOW fromUser false
2026-05-27 00:00:01.510  ٤٨٤٤-٤٨٤٤  InputMethodManager      com.altayebat.app                    I  handleMessage: setImeVisibility visible=false
2026-05-27 00:00:01.510  ٤٨٤٤-٤٨٤٤  InsetsController        com.altayebat.app                    D  hide(ime(), fromIme=false)
2026-05-27 00:00:01.510  ٤٨٤٤-٤٨٤٤  ImeTracker              com.altayebat.app                    I  com.altayebat.app:afd452e: onCancelled at PHASE_CLIENT_ALREADY_HIDDEN
2026-05-27 00:00:01.512  ٤٨٤٤-٥٠٦٥  InputTransport          com.altayebat.app                    D  Input channel constructed: 'ClientS', fd=253
2026-05-27 00:00:01.512  ٢٣٩٨-٧١٨٥  InsetsSourceProvider    system_server                        D  updateControlForTarget: control=InsetsSourceControl: {3 mType=ime mSurfacePosition=Point(0, 85) mInsetsHint=Insets{left=0, top=0, right=0, bottom=1008}}, target=Window{a841afc u0 com.altayebat.app/com.altayebat.app.MainActivity}, from=com.android.server.wm.ImeInsetsSourceProvider.updateControlForTarget:17 com.android.server.wm.InsetsStateController.onControlTargetChanged:83 com.android.server.wm.DisplayContent.updateImeControlTarget:21 com.android.server.wm.DisplayContent.updateImeInputAndControlTarget:156 com.android.server.wm.WindowManagerService$LocalService.updateInputMethodTargetWindow:64 
2026-05-27 00:00:01.512  ٢٣٩٨-٧١٨٧  WindowManager           system_server                        I  Cancelling animation restarting=false, leash=Surface(name=Surface(name=1677f4a Splash Screen com.altayebat.app)/@0x5d94bbf - animation-leash of starting_reveal)/@0xe6b0dd5
2026-05-27 00:00:01.512  ٢٣٩٨-٧١٨٧  WindowManager           system_server                        I  Reparenting to original parent: Surface(name=ActivityRecord{81077185 u0 com.altayebat.app/.MainActivity t1095})/@0x753a28c, destroy=false, surface=Surface(name=1677f4a Splash Screen com.altayebat.app)/@0x5d94bbf
2026-05-27 00:00:01.512  ٢٣٩٨-٧١٨٧  WindowManager           system_server                        V  Schedule remove starting ActivityRecord{81077185 u0 com.altayebat.app/.MainActivity t1095} startingWindow=Window{1677f4a u0 Splash Screen com.altayebat.app} animate=false Callers=com.android.server.wm.ActivityClientController.splashScreenAttached:51 android.app.IActivityClientController$Stub.onTransact:1393 com.android.server.wm.ActivityClientController.onTransact:1 android.os.Binder.execTransactInternal:1462 android.os.Binder.execTransact:1401 
2026-05-27 00:00:01.513  ٢٣٩٨-٢٩٥١  SurfaceComposerClient   system_server                        D  setCornerRadius ## 1677f4a Splash Screen com.altayebat.app#63008 cornerRadius=0.000000
2026-05-27 00:00:01.513  ٢٣٩٨-٢٩٥١  SurfaceComposerClient   system_server                        D  setCornerRadius ## a841afc com.altayebat.app/com.altayebat.app.MainActivity#63017 cornerRadius=0.000000
2026-05-27 00:00:01.520  ١٨٧٨-١٨٧٨  SurfaceFlinger          surfaceflinger                       I  RequestedLayer [Splash Screen com.altayebat.app$_3844#63009] hidden!! flag  from(0) --> to(1)
2026-05-27 00:00:01.520  ١٨٧٨-١٨٧٨  SurfaceFlinger          surfaceflinger                       I  [LayerHierarchy{RequestedLayerState{ImeContainer#15 parentId=63007 relativeParentId=63007 z=3} 1 children}] reparent to LayerHierarchy{RequestedLayerState{ActivityRecord{81077185 u0 com.altayebat.app/.MainActivity t1095}#63007 parentId=63006} 5 children}
2026-05-27 00:00:01.520  ١٨٧٨-١٨٧٨  SurfaceFlinger          surfaceflinger                       I  [LayerHierarchy{RequestedLayerState{Surface(name=1677f4a Splash Screen com.altayebat.app)/@0x5d94bbf - animation-leash of starting_reveal#63021} no children}] reparent to OffscreenRoot
2026-05-27 00:00:01.520  ١٨٧٨-١٨٧٨  SurfaceFlinger          surfaceflinger                       I  [LayerHierarchy{RequestedLayerState{Surface(name=1677f4a Splash Screen com.altayebat.app)/@0x5d94bbf - animation-leash of starting_reveal#63021} no children}] RelativeParent to null
2026-05-27 00:00:01.520  ١٨٧٨-١٨٧٨  SurfaceFlinger          surfaceflinger                       I  [LayerHierarchy{RequestedLayerState{1677f4a Splash Screen com.altayebat.app#63008 parentId=63007 z=2147483647} 1 children}] reparent to LayerHierarchy{RequestedLayerState{ActivityRecord{81077185 u0 com.altayebat.app/.MainActivity t1095}#63007 parentId=63006} 4 children}
2026-05-27 00:00:01.521  ٢٣٩٨-٤٣٢٢  WindowManager           system_server                        I  Relayout Window{1677f4a u0 Splash Screen com.altayebat.app}: viewVisibility=8 req=1080x2340 ty=3 d0
2026-05-27 00:00:01.521  ٢٣٩٨-٤٣٢٢  SurfaceComposerClient   system_server                        D  setCornerRadius ## a841afc com.altayebat.app/com.altayebat.app.MainActivity#63017 cornerRadius=0.000000
2026-05-27 00:00:01.521  ٢٣٩٨-٤٣٢٢  SurfaceComposerClient   system_server                        D  setCornerRadius ## 1677f4a Splash Screen com.altayebat.app#63008 cornerRadius=0.000000
2026-05-27 00:00:01.521  ٢٣٩٨-٤٣٢٢  SurfaceComposerClient   system_server                        D  setCornerRadius ## a841afc com.altayebat.app/com.altayebat.app.MainActivity#63017 cornerRadius=0.000000
2026-05-27 00:00:01.521  ١٨٧٨-٢٤٨٦  SurfaceFlinger          surfaceflinger                       I  id=63021 Removed Surface(name=1677f4a Splash Screen com.altayebat.app)/@0x5d94bbf - animation-leash of starting_reveal#63021 (172)
2026-05-27 00:00:01.522  ١٨٧٨-١٨٧٨  SurfaceFlinger          surfaceflinger                       D  Display 4630947191136750483 HWC layers:
                                                                                                           DEVICE |           20804821581825 | 00002102 | RGBA_8888    |    0.0    0.0 1080.0 2340.0 |    0    0 1080 2340 | com.altayebat.app/com.altayebat.app.MainActivity$_4844#63018 (3)
                                                                                                           DEVICE |           16509854307918 | 00002100 | RGBA_8888    |    0.0    0.0 1080.0   85.0 |    0    0 1080   85 | StatusBar$_3844#98 (61388)
                                                                                                           DEVICE |           19593640819762 | 00002100 | RGBA_8888    |    0.0    0.0   67.0  342.0 | 1013  303 1080  645 | com.sec.android.app.launcher/com.sam[...]l.app.CocktailBarService$_4562#62986 (1)
                                                                                                           DEVICE |           16509854307916 | 00002100 | RGBA_8888    |    0.0    0.0 1080.0  135.0 |    0 2205 1080 2340 | NavigationBar0$_3844#94 (89783)
                                                                                                    
2026-05-27 00:00:01.522  ٢٣٩٨-٧١٨٢  WindowManager           system_server                        D  Starting window removed Window{1677f4a u0 Splash Screen com.altayebat.app}
2026-05-27 00:00:01.523  ٢٣٩٨-٧١٨٢  WindowManager           system_server                        V  Remove Window{1677f4a u0 Splash Screen com.altayebat.app}: mSurfaceControl=Surface(name=Splash Screen com.altayebat.app$_3844)/@0xd42a2af mAnimatingExit=false mRemoveOnExit=false mHasSurface=true surfaceShowing=false animating=false app-animation=false callers=com.android.server.wm.Session.remove:16 android.view.IWindowSession$Stub.onTransact:804 com.android.server.wm.Session.onTransact:1 android.os.Binder.execTransactInternal:1457 android.os.Binder.execTransact:1401 <bottom of call stack> 
2026-05-27 00:00:01.523  ٢٣٩٨-٧١٨٢  SurfaceComposerClient   system_server                        D  setCornerRadius ## a841afc com.altayebat.app/com.altayebat.app.MainActivity#63017 cornerRadius=0.000000
2026-05-27 00:00:01.523  ٢٣٩٨-٧١٨٢  SurfaceComposerClient   system_server                        D  setCornerRadius ## a841afc com.altayebat.app/com.altayebat.app.MainActivity#63017 cornerRadius=0.000000
2026-05-27 00:00:01.524  ٩٠٢٦-٩٠٢٦  HBD                     com.samsung.android.honeyboard       I  b [AiWriter] setContact : com.altayebat.app
2026-05-27 00:00:01.524  ٩٠٢٦-٩٠٢٦  HBD                     com.samsung.android.honeyboard       I  a [AiWriter] setContact : com.altayebat.app
2026-05-27 00:00:01.524 ١٠١٥٧-١١٩٧٠ SAMSUNGWALLET           com.samsung.android.spay             I  [Hint_SimpleHintProcessMonitor] isHomePackageRunning topPkgName = com.altayebat.app, topClsName = com.altayebat.app.MainActivity, return false , se : false
2026-05-27 00:00:01.529  ١٨٧٨-١٨٧٨  SurfaceFlinger          surfaceflinger                       I  destroyed Surface(name=1677f4a Splash Screen com.altayebat.app)/@0x5d94bbf - animation-leash of starting_reveal#63021 form LifecycleManager
2026-05-27 00:00:01.529  ١٨٧٨-١٨٧٨  SurfaceFlinger          surfaceflinger                       I  id=63021 onLayerDestroyed from LayerHierarchyBuilder(RequestedLayerState{Surface(name=1677f4a Splash Screen com.altayebat.app)/@0x5d94bbf - animation-leash of starting_reveal#63021 !handle})
2026-05-27 00:00:01.529  ١٨٧٨-١٨٧٨  Layer                   surfaceflinger                       I  id=63021 Destroyed Surface(name=1677f4a Splash Screen com.altayebat.app)/@0x5d94bbf - animation-leash of starting_reveal#63021
2026-05-27 00:00:01.531  ٩٠٢٦-٤٦٣٥  HBD                     com.samsung.android.honeyboard       I  j [SKE_SPECIFIC] specific model[com.altayebat.app] loaded, 6583281 ns
2026-05-27 00:00:01.536  ١٨٧٨-١٨٧٨  SurfaceFlinger          surfaceflinger                       I  [LayerHierarchy{RequestedLayerState{ImeContainer#15 parentId=63007 relativeParentId=63017 z=1} 1 children}] RelativeParent to LayerHierarchy{RequestedLayerState{a841afc com.altayebat.app/com.altayebat.app.MainActivity#63017 parentId=63007} 2 children}
2026-05-27 00:00:01.536  ١٨٧٨-١٨٧٨  SurfaceFlinger          surfaceflinger                       I  [LayerHierarchy{RequestedLayerState{1677f4a Splash Screen com.altayebat.app#63008 z=2147483647} 1 children}] reparent to OffscreenRoot
2026-05-27 00:00:01.536  ١٨٧٨-١٨٧٨  SurfaceFlinger          surfaceflinger                       I  [LayerHierarchy{RequestedLayerState{1677f4a Splash Screen com.altayebat.app#63008 z=2147483647} 1 children}] RelativeParent to null
2026-05-27 00:00:01.536  ١٨٧٨-١٨٧٨  SurfaceFlinger          surfaceflinger                       I  [LayerHierarchy{RequestedLayerState{Splash Screen com.altayebat.app$_3844#63009} no children}] reparent to OffscreenRoot
2026-05-27 00:00:01.536  ١٨٧٨-١٨٧٨  SurfaceFlinger          surfaceflinger                       I  [LayerHierarchy{RequestedLayerState{Splash Screen com.altayebat.app$_3844#63009} no children}] RelativeParent to null
2026-05-27 00:00:01.537  ١٨٧٨-٢٤٨٦  SurfaceFlinger          surfaceflinger                       I  id=63008 Removed 1677f4a Splash Screen com.altayebat.app#63008 (170)
2026-05-27 00:00:01.537  ١٨٧٨-٢٤٨٦  SurfaceFlinger          surfaceflinger                       I  id=63009 Removed Splash Screen com.altayebat.app$_3844#63009 (170)
2026-05-27 00:00:01.544  ١٨٧٨-١٨٧٨  SurfaceFlinger          surfaceflinger                       I  destroyed 1677f4a Splash Screen com.altayebat.app#63008 form LifecycleManager
2026-05-27 00:00:01.544  ١٨٧٨-١٨٧٨  SurfaceFlinger          surfaceflinger                       I  destroyed Splash Screen com.altayebat.app$_3844#63009 form LifecycleManager
2026-05-27 00:00:01.544  ١٨٧٨-١٨٧٨  SurfaceFlinger          surfaceflinger                       I  id=63008 onLayerDestroyed from LayerHierarchyBuilder(RequestedLayerState{1677f4a Splash Screen com.altayebat.app#63008 !handle z=2147483647})
2026-05-27 00:00:01.544  ١٨٧٨-١٨٧٨  SurfaceFlinger          surfaceflinger                       I  id=63009 onLayerDestroyed from LayerHierarchyBuilder(RequestedLayerState{Splash Screen com.altayebat.app$_3844#63009 !handle})
2026-05-27 00:00:01.545  ١٨٧٨-١٨٧٨  Layer                   surfaceflinger                       I  id=63008 Destroyed 1677f4a Splash Screen com.altayebat.app#63008
2026-05-27 00:00:01.545  ١٨٧٨-١٨٧٨  Layer                   surfaceflinger                       I  id=63009 Destroyed Splash Screen com.altayebat.app$_3844#63009
2026-05-27 00:00:01.632  ٢٣٩٨-٣٦٢٥  MdnieScena...rolService system_server                        D   packageName : com.altayebat.app    className : com.altayebat.app.MainActivity
2026-05-27 00:00:02.012  ٢٣٩٨-٢٩٥٠  SGM:GameManager         system_server                        D  identifyForegroundApp. com.altayebat.app, mCurrentUserId: 0, callerUserId: 0
2026-05-27 00:00:02.285  ٢٣٩٨-٣٦٣٤  SGM:GameManager         system_server                        D  identifyForegroundApp. com.altayebat.app, mCurrentUserId: 0, callerUserId: 0
2026-05-27 00:00:04.310  ٢٣٩٨-٣٧٢٤  SGM:GameManager         system_server                        D  identifyGamePackage. com.altayebat.app, mCurrentUserId: 0, callingMethodInfo: com.samsung.android.game.SemGameManager.isGamePackage(SemGameManager.java:106)
2026-05-27 00:00:04.310  ٢٣٩٨-٣٧٢٤  SGM:SemGameManager      system_server                        D  isGamePackage(), pkgName=com.altayebat.app, ret=false
2026-05-27 00:00:05.013  ٤٨٤٤-٥٣٢٧  ProfileInstaller        com.altayebat.app                    D  Skipping profile installation for com.altayebat.app
2026-05-27 00:00:07.291  ٢٣٩٨-٣٦٣٤  SGM:GameManager         system_server                        D  identifyForegroundApp. com.altayebat.app, mCurrentUserId: 0, callerUserId: 0
2026-05-27 00:00:07.327  ٢٣٩٨-٣٧٢٤  SGM:GameManager         system_server                        D  identifyGamePackage. com.altayebat.app, mCurrentUserId: 0, callingMethodInfo: com.samsung.android.game.SemGameManager.isGamePackage(SemGameManager.java:106)
2026-05-27 00:00:07.327  ٢٣٩٨-٣٧٢٤  SGM:SemGameManager      system_server                        D  isGamePackage(), pkgName=com.altayebat.app, ret=false
2026-05-27 00:00:10.357  ٢٣٩٨-٣٧٢٤  SGM:GameManager         system_server                        D  identifyGamePackage. com.altayebat.app, mCurrentUserId: 0, callingMethodInfo: com.samsung.android.game.SemGameManager.isGamePackage(SemGameManager.java:106)
2026-05-27 00:00:10.357  ٢٣٩٨-٣٧٢٤  SGM:SemGameManager      system_server                        D  isGamePackage(), pkgName=com.altayebat.app, ret=false
