2026-05-26 23:59:59.914  ٣٨٤٤-٤١٣٦  InsetsSourceConsumer    com.android.systemui                 I  applyRequestedVisibilityToControl: visible=true, type=navigationBars, host=Splash Screen com.altayebat.app
2026-05-26 23:59:59.914  ٣٨٤٤-٤١٣٦  InsetsSourceConsumer    com.android.systemui                 I  applyRequestedVisibilityToControl: visible=true, type=statusBars, host=Splash Screen com.altayebat.app
2026-05-26 23:59:59.915  ٤٨٤٤-٤٨٤٤  cr_LibraryLoader        com.altayebat.app                    I  Successfully loaded native library
2026-05-26 23:59:59.916  ٤٨٤٤-٤٨٤٤  cr_CachingUmaRecorder   com.altayebat.app                    I  Flushed 20 samples from 19 histograms, 0 samples were dropped.
2026-05-26 23:59:59.916  ٤٨٤٤-٤٨٤٤  cr_ChildProcLH          com.altayebat.app                    I  ScopedServiceBindingBatch.tryActivate: false
2026-05-26 23:59:59.916  ٤٨٤٤-٤٨٤٤  cr_CombinedPProvider    com.altayebat.app                    I  #registerProvider() provider:WV.wk@f7fe1a0 isPolicyCacheEnabled:false policyProvidersSize:0
2026-05-26 23:59:59.916  ٤٨٤٤-٤٨٤٤  cr_PolicyProvider       com.altayebat.app                    I  #setManagerAndSource() 0
2026-05-26 23:59:59.917  ٤٨٤٤-٤٨٤٤  cr_DisplayManager       com.altayebat.app                    I  Is Display Topology available: false
2026-05-26 23:59:59.920  ٤٨٤٤-٤٨٤٤  cr_CombinedPProvider    com.altayebat.app                    I  #linkNativeInternal() 1
2026-05-26 23:59:59.920  ٤٨٤٤-٤٨٤٤  cr_AppResProvider       com.altayebat.app                    I  #getApplicationRestrictionsFromUserManager() Bundle[EMPTY_PARCEL]
2026-05-26 23:59:59.920  ٤٨٤٤-٤٨٤٤  cr_PolicyProvider       com.altayebat.app                    I  #notifySettingsAvailable() 0
2026-05-26 23:59:59.920  ٤٨٤٤-٤٨٤٤  cr_CombinedPProvider    com.altayebat.app                    I  #onSettingsAvailable() 0
2026-05-26 23:59:59.920  ٤٨٤٤-٤٨٤٤  cr_CombinedPProvider    com.altayebat.app                    I  #flushPolicies()
2026-05-26 23:59:59.928  ٢٣٩٨-٢٩٦٨  ActivityManager         system_server                        I  Start proc 4921:com.google.android.webview:sandboxed_process0:org.chromium.content.app.SandboxedProcessService0:0/u0i371 for  {com.altayebat.app/org.chromium.content.app.SandboxedProcessService0:0}
2026-05-26 23:59:59.928  ٢٣٩٨-٢٩٦٨  DynamicHid...ectManager system_server                        I  check webview name : com.google.android.webview:sandboxed_process0:org.chromium.content.app.SandboxedProcessService0:0check hostingname webview : {com.altayebat.app/org.chromium.content.app.SandboxedProcessService0:0}
2026-05-26 23:59:59.930  ٤٨٤٤-٤٩١٨  chromium                com.altayebat.app                    W  [WARNING:net/dns/dns_config_service_android.cc:69] Failed to read DnsConfig.
2026-05-26 23:59:59.931  ٤٨٤٤-٤٨٤٤  chromium                com.altayebat.app                    W  [WARNING:android_webview/browser/network_service/net_helpers.cc:137] HTTP Cache size is: 20971520
2026-05-26 23:59:59.932  ١٨٧٨-١٨٧٨  SurfaceFlinger          surfaceflinger                       D  Display 4630947191136750483 HWC layers:
                                                                                                           CLIENT |           17132624632953 | 00000100 | 0x7fa30c09   |    0.0    0.0 1440.0 3120.0 |    0    0 1080 2340 | Wallpaper BBQ wrapper 7_systemlock#79 (79541)
                                                                                                           CLIENT |           19593640819782 | 00002100 | RGBA_8888    |    0.0    0.0 1080.0 2340.0 |    0    0 1080 2340 | com.sec.android.app.launcher/com.sec[...]ivities.LauncherActivity$_4562#62997 (blurRegions) (57)
                                                                                                           CLIENT |           16509854307975 | 00002100 | RGBA_8888    |    0.0   75.0 1080.0 1727.0 |  506  235  791  672 | Splash Screen com.altayebat.app$_3844#63009 (1)
                                                                                                           DEVICE |           16509854307922 | 00002100 | RGBA_8888    |    0.0    0.0 1080.0   85.0 |    0    0 1080   85 | StatusBar$_3844#98 (61387)
                                                                                                           DEVICE |           19593640819762 | 00002100 | RGBA_8888    |    0.0    0.0   67.0  342.0 | 1013  303 1080  645 | com.sec.android.app.launcher/com.sam[...]l.app.CocktailBarService$_4562#62986 (1)
                                                                                                           DEVICE |           16509854307924 | 00002100 | RGBA_8888    |    0.0   
2026-05-26 23:59:59.938  ٤٨٤٤-٤٨٤٤  Capacitor               com.altayebat.app                    D  Starting BridgeActivity
2026-05-26 23:59:59.944  ٤٨٤٤-٤٩٢٢  cr_media                com.altayebat.app                    W  BLUETOOTH_CONNECT permission is missing.
2026-05-26 23:59:59.944  ٤٨٤٤-٤٩٢٢  cr_media                com.altayebat.app                    W  getBluetoothAdapter() requires BLUETOOTH permission
2026-05-26 23:59:59.944  ٤٨٤٤-٤٩٢٢  cr_media                com.altayebat.app                    W  registerBluetoothIntentsIfNeeded: Requires BLUETOOTH permission
2026-05-26 23:59:59.945  ٤٨٤٤-٤٩٢٢  AudioSystem             com.altayebat.app                    D  onNewService: media.audio_policy service obtained 0xb4000075953a67f0
2026-05-26 23:59:59.945  ٤٨٤٤-٤٩٢٢  AudioSystem             com.altayebat.app                    D  getService: checking for service media.audio_policy: 0xb4000075953a67f0
2026-05-26 23:59:59.948  ٤٨٤٤-٤٨٤٤  ViewRootImpl            com.altayebat.app                    D  desktopMode is false
2026-05-26 23:59:59.948  ٤٨٤٤-٤٨٤٤  ViewRootImpl            com.altayebat.app                    I  dVRR is disabled
2026-05-26 23:59:59.948  ٤٨٤٤-٤٨٤٤  HardwareRenderer        com.altayebat.app                    D  onDisplayChanged. displayId=0 current wxh=1080x2340 mLargest wxh=0x0
2026-05-26 23:59:59.948  ٤٨٤٤-٤٨٤٤  HardwareRenderer        com.altayebat.app                    D  Set largestWidth and largestHeight as logical resolution. (1080x2340)
2026-05-26 23:59:59.949  ٤٨٤٤-٤٨٧٤  HWUI                    com.altayebat.app                    D  setMaxSurfaceArea requested wxh=(1080,2340) requestedSurfaceArea(2527200) mMaxSurfaceArea(2073600)
2026-05-26 23:59:59.949  ٤٨٤٤-٤٨٧٤  NativeCust...ncyManager com.altayebat.app                    D  [NativeCFMS] BpCustomFrequencyManager::BpCustomFrequencyManager()
2026-05-26 23:59:59.951  ١٨٧٨-٢٤٨٥  SurfaceFlinger          surfaceflinger                       I  id=63017 createSurf, flag=84004, a841afc com.altayebat.app/com.altayebat.app.MainActivity#63017
2026-05-26 23:59:59.951  ٤٨٤٤-٤٨٤٤  InputTransport          com.altayebat.app                    D  Input channel constructed: 'a841afc', fd=176
2026-05-26 23:59:59.952  ٤٨٤٤-٤٨٤٤  InsetsController        com.altayebat.app                    I  onStateChanged: host=com.altayebat.app/com.altayebat.app.MainActivity, from=android.view.ViewRootImpl.onInsetsStateChanged:3026, state=InsetsState: {mDisplayFrame=Rect(0, 0 - 1080, 2340), mDisplayCutout=DisplayCutout{insets=Rect(0, 85 - 0, 0) waterfall=Insets{left=0, top=0, right=0, bottom=0} boundingRect={Bounds=[Rect(0, 0 - 0, 0), Rect(514, 0 - 566, 85), Rect(0, 0 - 0, 0), Rect(0, 0 - 0, 0)]} cutoutPathParserInfo={CutoutPathParserInfo{displayWidth=1080 displayHeight=2340 physicalDisplayWidth=1080 physicalDisplayHeight=2340 density={2.8125} cutoutSpec={M 0,0 H -9.333333333333333 V 30.13333333333333 H 9.333333333333333 V 0 H 0 Z @dp} rotation={0} scale={1.0} physicalPixelDisplaySizeRatio={1.0}}} sideOverrides={}}, mRoundedCorners=RoundedCorners{[RoundedCorner{position=TopLeft, radius=42, center=Point(42, 42)}, RoundedCorner{position=TopRight, radius=42, center=Point(1038, 42)}, RoundedCorner{position=BottomRight, radius=42, center=Point(1038, 2298)}, RoundedCorner{position=BottomLeft, radius=42, center=Point(42, 2298)}]}  mRoundedCornerFrame=Rect(0, 0 - 1080, 2340), mPrivacyIndicatorBounds=PrivacyIndicatorBounds {static bounds=Rect(0, 0 - 124, 85) rotation=0}, mDisplayShape=DisplayShape{ spec=-311912193 displayWidth=1080 displayHeight=2340 physicalPixelDisplaySizeRatio=0.75 rotation=0 offsetX=0 offsetY=0 scale=1.0}, mSources= { InsetsSource: {3 mType=ime mFrame=[0,0][0,0] mVisible=false mFlags= mSideHint=NONE mBoundingRects=null}, InsetsSource: {27 mType=displayCutout mFrame=[0,0][1080,85] mVisible=true mFlags= mSideHint=TOP mBoundingRects=null}, InsetsSource: {38ba0000 mType=statusBars mFrame=[0,0][1080,85] mVisible=true mFlags= mSideHint=TOP mBoundingRects=null}, InsetsSource: {38ba0005 mType=mandatorySystemGestures mFrame=[0,0][1080,119] mVisible=true mFlags= mSideHint=TOP mBoundingRects=null}, InsetsSource: {38ba0006 mType=tappableElement mFrame=[0,0][1080,85] mVisible=true mFlags= mSideHint=TOP mBoundingRects=null}, InsetsSource: {7e9f0001 mType=navigationBars mFrame=[0,2205][1080,2340] mVisible=true mFlags= mSideHint=BOTTOM mBoundingRects=null}, InsetsSource: {7e9f0004 mType=systemGestures mFrame=[0,0][0,0] mVisible=true mFlags= mSideHint=NONE mBoundingRects=null}, InsetsSource: {7e9f0005 mType=mandatorySystemGestures mFrame=[0,2205][1080,2340] mVisible=true mFlags= mSideHint=BOTTOM mBoundingRects=null}, InsetsSource: {7e9f0006 mType=tappableElement mFrame=[0,2205][1080,2340] mVisible=true mFlags= mSideHint=BOTTOM mBoundingRects=null}, InsetsSource: {7e9f0024 mType=systemGestures mFrame=[0,0][0,0] mVisible=true mFlags= mSideHint=NONE mBoundingRects=null} }
2026-05-26 23:59:59.952  ٤٨٤٤-٤٨٤٤  VRI[MainAc...y]@d25c0f6 com.altayebat.app                    I  synced displayState. AttachInfo displayState=2
2026-05-26 23:59:59.952  ٤٨٤٤-٤٨٤٤  VRI[MainAc...y]@d25c0f6 com.altayebat.app                    I  setView = com.android.internal.policy.DecorView@a64f682 IsHRR=false mFlingFrameRateChange=0 TM=true
2026-05-26 23:59:59.955  ١٨٧٨-١٨٧٨  SurfaceFlinger          surfaceflinger                       I  [a841afc com.altayebat.app/com.altayebat.app.MainActivity#63017] attach to parent LayerHierarchy{RequestedLayerState{ActivityRecord{81077185 u0 com.altayebat.app/.MainActivity t1095}#63007 parentId=63006} 3 children}
2026-05-26 23:59:59.956  ٤٨٤٤-٤٩٩٤  CameraManagerGlobal     com.altayebat.app                    I  Connecting to camera service
2026-05-26 23:59:59.957  ٤٨٤٤-٤٩٩٤  VendorTagDescriptor     com.altayebat.app                    D  addVendorDescriptor: vendor tag id 15622750491770684145 added
2026-05-26 23:59:59.957  ٤٨٤٤-٤٩٩٤  VendorTagDescriptor     com.altayebat.app                    D  addVendorDescriptor: vendor tag id 8932615658386372252 added
2026-05-26 23:59:59.958  ٤٨٤٤-٤٩٩٤  CameraManager           com.altayebat.app                    I  registerAvailabilityCallback: Is device callback = false
2026-05-26 23:59:59.958  ٤٨٤٤-٤٩٩٤  CameraManagerGlobal     com.altayebat.app                    I  postSingleUpdate device: camera id 0 status STATUS_PRESENT
2026-05-26 23:59:59.958  ٤٨٤٤-٤٩٩٤  CameraManagerGlobal     com.altayebat.app                    I  postSingleUpdate device: camera id 1 status STATUS_PRESENT
2026-05-26 23:59:59.958  ٤٨٤٤-٤٩٩٤  CameraManagerGlobal     com.altayebat.app                    I  postSingleUpdate device: camera id 2 status STATUS_PRESENT
2026-05-26 23:59:59.958  ٤٨٤٤-٤٩٩٤  CameraManagerGlobal     com.altayebat.app                    I  postSingleUpdate device: camera id 3 status STATUS_PRESENT
2026-05-26 23:59:59.958  ٤٨٤٤-٤٨٥٩  CameraManagerGlobal     com.altayebat.app                    I  Camera 0 facing CAMERA_FACING_BACK state now CAMERA_STATE_CLOSED for client com.google.android.googlequicksearchbox API Level 2 User Id 0Device Id 0
2026-05-26 23:59:59.958  ٤٨٤٤-٤٨٥٩  CameraManagerGlobal     com.altayebat.app                    I  Camera 1 facing CAMERA_FACING_FRONT state now CAMERA_STATE_CLOSED for client android.system API Level 2 User Id 0Device Id 0
2026-05-26 23:59:59.958  ٤٨٤٤-٤٨٥٩  CameraManagerGlobal     com.altayebat.app                    I  Camera 2 facing CAMERA_FACING_BACK state now CAMERA_STATE_CLOSED for client android.system API Level 2 User Id 0Device Id 0
2026-05-26 23:59:59.958  ٤٨٤٤-٤٨٥٩  CameraManagerGlobal     com.altayebat.app                    I  Camera 20 facing CAMERA_FACING_BACK state now CAMERA_STATE_CLOSED for client com.sec.android.app.camera API Level 2 User Id 0Device Id 0
2026-05-26 23:59:59.958  ٤٨٤٤-٤٨٥٩  CameraManagerGlobal     com.altayebat.app                    I  Camera 21 facing CAMERA_FACING_BACK state now CAMERA_STATE_CLOSED for client android.system API Level 2 User Id 0Device Id 0
2026-05-26 23:59:59.958  ٤٨٤٤-٤٨٥٩  CameraManagerGlobal     com.altayebat.app                    I  Camera 23 facing CAMERA_FACING_BACK state now CAMERA_STATE_CLOSED for client android.system API Level 2 User Id 0Device Id 0
2026-05-26 23:59:59.958  ٤٨٤٤-٤٨٦٠  CameraManagerGlobal     com.altayebat.app                    I  Camera 24 facing CAMERA_FACING_BACK state now CAMERA_STATE_CLOSED for client android.system API Level 2 User Id 0Device Id 0
2026-05-26 23:59:59.959  ٤٨٤٤-٤٨٦٠  CameraManagerGlobal     com.altayebat.app                    I  Camera 3 facing CAMERA_FACING_FRONT state now CAMERA_STATE_CLOSED for client com.samsung.android.sead API Level 2 User Id 0Device Id 0
2026-05-26 23:59:59.959  ٤٨٤٤-٤٨٦٠  CameraManagerGlobal     com.altayebat.app                    I  Camera 4 facing CAMERA_FACING_FRONT state now CAMERA_STATE_CLOSED for client client.pid<1753> API Level 2 User Id 0Device Id 0
2026-05-26 23:59:59.959  ٤٨٤٤-٤٨٦٠  CameraManagerGlobal     com.altayebat.app                    I  Camera 52 facing CAMERA_FACING_BACK state now CAMERA_STATE_CLOSED for client android.system API Level 2 User Id 0Device Id 0
2026-05-26 23:59:59.959  ٤٨٤٤-٤٨٦٠  CameraManagerGlobal     com.altayebat.app                    I  Camera 54 facing CAMERA_FACING_BACK state now CAMERA_STATE_CLOSED for client android.system API Level 2 User Id 0Device Id 0
2026-05-26 23:59:59.959  ٤٨٤٤-٤٨٥٨  CameraManagerGlobal     com.altayebat.app                    I  Camera 56 facing CAMERA_FACING_BACK state now CAMERA_STATE_CLOSED for client android.system API Level 2 User Id 0Device Id 0
2026-05-26 23:59:59.959  ٤٨٤٤-٤٨٥٨  CameraManagerGlobal     com.altayebat.app                    I  Camera 58 facing CAMERA_FACING_BACK state now CAMERA_STATE_CLOSED for client android.system API Level 2 User Id 0Device Id 0
2026-05-26 23:59:59.959  ٤٨٤٤-٤٨٥٨  CameraManagerGlobal     com.altayebat.app                    I  Camera 90 facing CAMERA_FACING_FRONT state now CAMERA_STATE_CLOSED for client android.system API Level 2 User Id 0Device Id 0
2026-05-26 23:59:59.963  ٢٣٩٨-٤٢٤٣  CoreBackPreview         system_server                        D  Window{a841afc u0 com.altayebat.app/com.altayebat.app.MainActivity}: Setting back callback OnBackInvokedCallbackInfo{mCallback=android.window.IOnBackInvokedCallback$Stub$Proxy@4b69e56, mPriority=-1, mIsAnimationCallback=false, mOverrideBehavior=0}
2026-05-26 23:59:59.963  ٢٣٩٨-٤٢٤٣  CoreBackPreview         system_server                        D  Window{a841afc u0 com.altayebat.app/com.altayebat.app.MainActivity}: Setting back callback OnBackInvokedCallbackInfo{mCallback=android.window.IOnBackInvokedCallback$Stub$Proxy@283ced7, mPriority=0, mIsAnimationCallback=true, mOverrideBehavior=0}
2026-05-26 23:59:59.963  ١٨٧٨-١٨٧٨  SurfaceFlinger          surfaceflinger                       I  RequestedLayer [a841afc com.altayebat.app/com.altayebat.app.MainActivity#63017] hidden!! flag  from(1) --> to(0)
2026-05-26 23:59:59.964  ٢٣٩٨-٥٣٣٧  WindowManager           system_server                        I  Relayout Window{a841afc u0 com.altayebat.app/com.altayebat.app.MainActivity}: viewVisibility=0 req=1080x2340 ty=1 d0
2026-05-26 23:59:59.964  ١٨٧٨-١٩٤٧  SurfaceFlinger          surfaceflinger                       I  id=63018 createSurf, flag=44004, com.altayebat.app/com.altayebat.app.MainActivity$_4844#63018
2026-05-26 23:59:59.964  ٢٣٩٨-٥٣٣٧  WindowManager           system_server                        D  makeSurface duration=0 name=com.altayebat.app/com.altayebat.app.MainActivity$_4844
2026-05-26 23:59:59.964  ٢٣٩٨-٥٣٣٧  SurfaceComposerClient   system_server                        D  setCornerRadius ## 1677f4a Splash Screen com.altayebat.app#63008 cornerRadius=0.000000
2026-05-26 23:59:59.964  ٢٣٩٨-٥٣٣٧  SurfaceComposerClient   system_server                        D  setCornerRadius ## a841afc com.altayebat.app/com.altayebat.app.MainActivity#63017 cornerRadius=0.000000
2026-05-26 23:59:59.964  ٢٣٩٨-٥٣٣٧  SurfaceComposerClient   system_server                        D  setCornerRadius ## 1677f4a Splash Screen com.altayebat.app#63008 cornerRadius=0.000000
2026-05-26 23:59:59.964  ٢٣٩٨-٥٣٣٧  SurfaceComposerClient   system_server                        D  setCornerRadius ## a841afc com.altayebat.app/com.altayebat.app.MainActivity#63017 cornerRadius=0.000000
2026-05-26 23:59:59.964  ٢٣٩٨-٥٣٣٧  WindowManager           system_server                        D  Changing focus from null to Window{a841afc u0 com.altayebat.app/com.altayebat.app.MainActivity} displayId=0 Callers=com.android.server.wm.WindowManagerService.relayoutWindow:1366 com.android.server.wm.Session.relayout:27 android.view.IWindowSession$Stub.onTransact:829 com.android.server.wm.Session.onTransact:1 
2026-05-26 23:59:59.964  ٢٣٩٨-٥٣٣٧  InsetsSourceProvider    system_server                        D  updateControlForTarget: control=InsetsSourceControl: {7e9f0001 mType=navigationBars initiallyVisible mSurfacePosition=Point(0, 2205) mInsetsHint=Insets{left=0, top=0, right=0, bottom=135}}, target=Window{a841afc u0 com.altayebat.app/com.altayebat.app.MainActivity}, from=com.android.server.wm.InsetsStateController.onControlTargetChanged:83 com.android.server.wm.InsetsPolicy.updateBarControlTarget:225 com.android.server.wm.DisplayPolicy.updateSystemBarAttributes:262 com.android.server.wm.WindowManagerService.updateFocusedWindowLocked:372 com.android.server.wm.WindowManagerService.relayoutWindow:1366 
2026-05-26 23:59:59.964  ٢٣٩٨-٥٣٣٧  InsetsSourceProvider    system_server                        D  updateControlForTarget: control=InsetsSourceControl: {38ba0000 mType=statusBars initiallyVisible mSurfacePosition=Point(0, 0) mInsetsHint=Insets{left=0, top=85, right=0, bottom=0}}, target=Window{a841afc u0 com.altayebat.app/com.altayebat.app.MainActivity}, from=com.android.server.wm.InsetsStateController.onControlTargetChanged:83 com.android.server.wm.InsetsPolicy.updateBarControlTarget:212 com.android.server.wm.DisplayPolicy.updateSystemBarAttributes:262 com.android.server.wm.WindowManagerService.updateFocusedWindowLocked:372 com.android.server.wm.WindowManagerService.relayoutWindow:1366 
2026-05-26 23:59:59.964  ٢٣٩٨-٥٣٣٧  SystemKeyManager        system_server                        V  updateFocusedWindow() is called, com.altayebat.app/com.altayebat.app.MainActivity
2026-05-26 23:59:59.965  ٤٨٤٤-٤٨٤٤  m.altayebat.app         com.altayebat.app                    E  Unable to open libpenguin.so: dlopen failed: library "libpenguin.so" not found.
2026-05-26 23:59:59.965  ٤٨٤٤-٤٨٤٤  BufferQueueProducer     com.altayebat.app                    I  [](id:12ec00000000,api:0,p:-2060394736,c:4844) setDequeueTimeout:2077252342
2026-05-26 23:59:59.965  ٤٨٤٤-٤٨٤٤  BLASTBufferQueue_Java   com.altayebat.app                    I  new BLASTBufferQueue, mName= VRI[MainActivity]@d25c0f6 mNativeObject= 0xb4000075b530d430 caller= android.view.ViewRootImpl.updateBlastSurfaceIfNeeded:3585 android.view.ViewRootImpl.relayoutWindow:11685 android.view.ViewRootImpl.performTraversals:4804 android.view.ViewRootImpl.doTraversal:3924 android.view.ViewRootImpl$TraversalRunnable.run:12903 android.view.Choreographer$CallbackRecord.run:1901 android.view.Choreographer$CallbackRecord.run:1910 android.view.Choreographer.doCallbacks:1367 android.view.Choreographer.doFrame:1292 android.view.Choreographer$FrameDisplayEventReceiver.run:1870 
2026-05-26 23:59:59.965  ٤٨٤٤-٤٨٤٤  BLASTBufferQueue_Java   com.altayebat.app                    I  update, w= 1080 h= 2340 mName = VRI[MainActivity]@d25c0f6 mNativeObject= 0xb4000075b530d430 sc.mNativeObject= 0xb4000074b52d3f10 format= -1 caller= android.view.ViewRootImpl.updateBlastSurfaceIfNeeded:3590 android.view.ViewRootImpl.relayoutWindow:11685 android.view.ViewRootImpl.performTraversals:4804 android.view.ViewRootImpl.doTraversal:3924 android.view.ViewRootImpl$TraversalRunnable.run:12903 android.view.Choreographer$CallbackRecord.run:1901 
2026-05-26 23:59:59.965  ٤٨٤٤-٤٨٤٤  VRI[MainAc...y]@d25c0f6 com.altayebat.app                    I  Relayout returned: old=(0,0,1080,2340) new=(0,0,1080,2340) relayoutAsync=false req=(1080,2340)0 dur=2 res=0x3 s={true 0xb4000075a52f6720} ch=true seqId=0
2026-05-26 23:59:59.966  ٤٨٤٤-٤٨٤٤  VRI[MainAc...y]@d25c0f6 com.altayebat.app                    I  performConfigurationChange setNightDimText nightDimLevel=0
2026-05-26 23:59:59.966  ٤٨٤٤-٤٨٤٤  VRI[MainAc...y]@d25c0f6 com.altayebat.app                    D  mThreadedRenderer.initialize() mSurface={isValid=true 0xb4000075a52f6720} hwInitialized=true
2026-05-26 23:59:59.966  ٤٨٤٤-٤٨٤٤  VRI[MainAc...y]@d25c0f6 com.altayebat.app                    D  reportNextDraw android.view.ViewRootImpl.performTraversals:5443 android.view.ViewRootImpl.doTraversal:3924 android.view.ViewRootImpl$TraversalRunnable.run:12903 android.view.Choreographer$CallbackRecord.run:1901 android.view.Choreographer$CallbackRecord.run:1910 
2026-05-26 23:59:59.966  ٤٨٤٤-٤٨٤٤  VRI[MainAc...y]@d25c0f6 com.altayebat.app                    D  Canceling draw. cancelDueToPreDrawListener=true cancelDueToSync=false
2026-05-26 23:59:59.967  ٤٨٤٤-٤٨٧٤  HWUI                    com.altayebat.app                    D  HWUI - treat SMPTE_170M as sRGB
2026-05-26 23:59:59.970  ٤٨٤٤-٤٩٥١  Adreno-UNKNOWN          com.altayebat.app                    I  Using previously loaded IMapper library.
2026-05-26 23:59:59.972  ٤٨٤٤-٤٩٥١  Adreno-UNKNOWN          com.altayebat.app                    I  Using previously loaded IMapper library.
2026-05-26 23:59:59.972  ١٨٧٨-١٨٧٨  SurfaceFlinger          surfaceflinger                       I  [com.altayebat.app/com.altayebat.app.MainActivity$_4844#63018] attach to parent LayerHierarchy{RequestedLayerState{a841afc com.altayebat.app/com.altayebat.app.MainActivity#63017 parentId=63007} 1 children}
2026-05-26 23:59:59.973  ٤٨٤٤-٤٩٥١  AdrenoVK-0              com.altayebat.app                    I  QUALCOMM build          : e4a2ccdb56, Icac6f3510c
                                                                                                    Build Date              : 07/21/25
                                                                                                    Shader Compiler Version : E031.47.18.36
                                                                                                    Local Branch            : 
                                                                                                    Remote Branch           : refs/tags/AU_LINUX_ANDROID_LA.VENDOR.15.4.0.11.00.00.1088.743
                                                                                                    Remote Branch           : NONE
                                                                                                    Reconstruct Branch      : NOTHING
2026-05-26 23:59:59.973  ٤٨٤٤-٤٩٥١  AdrenoVK-0              com.altayebat.app                    I  Build Config            : S P 18.0.0 AArch64
2026-05-26 23:59:59.973  ٤٨٤٤-٤٩٥١  AdrenoVK-0              com.altayebat.app                    I  Driver Path             : /vendor/lib64/hw/vulkan.adreno.so
2026-05-26 23:59:59.973  ٤٨٤٤-٤٩٥١  AdrenoVK-0              com.altayebat.app                    I  Driver Version          : 0800.40.1
2026-05-26 23:59:59.973  ٤٨٤٤-٤٩٥١  AdrenoVK-0              com.altayebat.app                    I  PFP                     : 0x01500077
2026-05-26 23:59:59.973  ٤٨٤٤-٤٩٥١  AdrenoVK-0              com.altayebat.app                    I  ME                      : 0x01500014
2026-05-26 23:59:59.973  ٤٨٤٤-٤٩٥١  AdrenoVK-0              com.altayebat.app                    I  Application Name    : 
                                                                                                    Application Version : 0x00000001
                                                                                                    Engine Name         : 
                                                                                                    Engine Version      : 0x00000001
                                                                                                    Api Version         : 0x00403000
2026-05-26 23:59:59.976  ٤٨٤٤-٤٩٥١  AdrenoGLES-0            com.altayebat.app                    I  QUALCOMM build                   : e4a2ccdb56, Icac6f3510c
                                                                                                    Build Date                       : 07/21/25
                                                                                                    OpenGL ES Shader Compiler Version: E031.47.18.36
                                                                                                    Local Branch                     : 
                                                                                                    Remote Branch                    : refs/tags/AU_LINUX_ANDROID_LA.VENDOR.15.4.0.11.00.00.1088.743
                                                                                                    Remote Branch                    : NONE
                                                                                                    Reconstruct Branch               : NOTHING
2026-05-26 23:59:59.976  ٤٨٤٤-٤٩٥١  AdrenoGLES-0            com.altayebat.app                    I  Build Config                     : S P 18.0.0 AArch64
2026-05-26 23:59:59.976  ٤٨٤٤-٤٩٥١  AdrenoGLES-0            com.altayebat.app                    I  Driver Path                      : /vendor/lib64/egl/libGLESv2_adreno.so
2026-05-26 23:59:59.976  ٤٨٤٤-٤٩٥١  AdrenoGLES-0            com.altayebat.app                    I  Driver Version                   : 0800.40.1
2026-05-26 23:59:59.976  ٤٨٤٤-٤٩٥١  AdrenoGLES-0            com.altayebat.app                    I  Process Name                     : com.altayebat.app
2026-05-26 23:59:59.977  ٤٨٤٤-٤٩٥١  AdrenoGLES-0            com.altayebat.app                    I  PFP: 0x01500077, ME: 0x01500014
2026-05-26 23:59:59.978  ٤٨٤٤-٤٩٥١  Adreno-AppProfiles      com.altayebat.app                    E  QSPM AIDL service doesn't exist
2026-05-26 23:59:59.978  ٤٨٤٤-٤٩٥١  AdrenoUtils             com.altayebat.app                    I  <ReadGpuID:366>: Reading chip ID through GSL
2026-05-26 23:59:59.981  ٢٣٩٨-٢٩٥١  WindowManager           system_server                        I  notifyInsetsControlChanged, removed=false, win=Window{1677f4a u0 Splash Screen com.altayebat.app}, caller=com.android.server.wm.InsetsStateController$$ExternalSyntheticLambda1.run:137 com.android.server.wm.WindowAnimator$$ExternalSyntheticLambda2.onTransactionCommitted:26 android.view.SurfaceControl$Transaction$$ExternalSyntheticLambda4.run:0 android.os.Handler.handleCallback:995 android.os.Handler.dispatchMessage:103 android.os.Looper.loopOnce:273 
2026-05-26 23:59:59.982  ١٨٧٨-٢٣٩١  SurfaceFlinger          surfaceflinger                       D  [input] setFocusedWindow: a841afc com.altayebat.app/com.altayebat.app.MainActivity
2026-05-26 23:59:59.982  ٢٣٩٨-٥٣٣٧  InputDispatcher         system_server                        D  Once focus requested (0): a841afc com.altayebat.app/com.altayebat.app.MainActivity
2026-05-26 23:59:59.982  ٢٣٩٨-٥٣٣٧  InputDispatcher         system_server                        D  Focus request (0): a841afc com.altayebat.app/com.altayebat.app.MainActivity but waiting because NO_WINDOW
2026-05-26 23:59:59.984  ٤٨٤٤-٤٩٥١  Adreno-UNKNOWN          com.altayebat.app                    I  Using previously loaded IMapper library.
2026-05-26 23:59:59.984  ٢٣٩٨-٣٧٦٤  NetdEventL...nerService system_server                        D  DNS Requested by 218, 10403(com.altayebat.app), SUCCESS, 0ms
2026-05-26 23:59:59.984  ٢٣٩٨-٣٧٦٤  NetdEventL...nerService system_server                        D  DNS Requested by 218, 10403(com.altayebat.app), SUCCESS, 0ms
2026-05-26 23:59:59.985  ٤٨٤٤-٤٩٥١  Adreno-UNKNOWN          com.altayebat.app                    I  Using previously loaded IMapper library.
2026-05-26 23:59:59.987  ٤٨٤٤-٤٩٥١  AdrenoVK-0              com.altayebat.app                    I  QUALCOMM build          : e4a2ccdb56, Icac6f3510c
                                                                                                    Build Date              : 07/21/25
                                                                                                    Shader Compiler Version : E031.47.18.36
                                                                                                    Local Branch            : 
                                                                                                    Remote Branch           : refs/tags/AU_LINUX_ANDROID_LA.VENDOR.15.4.0.11.00.00.1088.743
                                                                                                    Remote Branch           : NONE
                                                                                                    Reconstruct Branch      : NOTHING
2026-05-26 23:59:59.987  ٤٨٤٤-٤٩٥١  AdrenoVK-0              com.altayebat.app                    I  Build Config            : S P 18.0.0 AArch64
2026-05-26 23:59:59.987  ٤٨٤٤-٤٩٥١  AdrenoVK-0              com.altayebat.app                    I  Driver Path             : /vendor/lib64/hw/vulkan.adreno.so
2026-05-26 23:59:59.987  ٤٨٤٤-٤٩٥١  AdrenoVK-0              com.altayebat.app                    I  Driver Version          : 0800.40.1
2026-05-26 23:59:59.987  ٤٨٤٤-٤٩٥١  AdrenoVK-0              com.altayebat.app                    I  PFP                     : 0x01500077
2026-05-26 23:59:59.987  ٤٨٤٤-٤٩٥١  AdrenoVK-0              com.altayebat.app                    I  ME                      : 0x01500014
2026-05-26 23:59:59.987  ٤٨٤٤-٤٩٥١  AdrenoVK-0              com.altayebat.app                    I  Application Name    : Chromium
                                                                                                    Application Version : 0x00000000
                                                                                                    Engine Name         : (null)
                                                                                                    Engine Version      : 0x00000000
                                                                                                    Api Version         : 0x00401000
2026-05-26 23:59:59.988  ٤٨٤٤-٤٨٤٤  InsetsSourceConsumer    com.altayebat.app                    I  applyRequestedVisibilityToControl: visible=true, type=navigationBars, host=com.altayebat.app/com.altayebat.app.MainActivity
2026-05-26 23:59:59.988  ٤٨٤٤-٤٨٤٤  InsetsSourceConsumer    com.altayebat.app                    I  applyRequestedVisibilityToControl: visible=true, type=statusBars, host=com.altayebat.app/com.altayebat.app.MainActivity
2026-05-26 23:59:59.991  ٤٨٤٤-٤٩٣٣  AudioCapabilities       com.altayebat.app                    W  Unsupported mediaType audio/x-ape
2026-05-26 23:59:59.992  ٤٨٤٤-٤٩٣٣  AudioCapabilities       com.altayebat.app                    W  Unsupported mediaType audio/x-ima
2026-05-26 23:59:59.992  ٤٨٤٤-٤٩٣٣  AudioCapabilities       com.altayebat.app                    W  Unsupported mediaType audio/mpeg-L1
2026-05-26 23:59:59.992  ٤٨٤٤-٤٩٣٣  AudioCapabilities       com.altayebat.app                    W  Unsupported mediaType audio/mpeg-L2
2026-05-26 23:59:59.992  ٤٨٤٤-٤٩٣٣  VideoCapabilities       com.altayebat.app                    W  Unsupported mime video/wvc1
2026-05-26 23:59:59.992  ٤٨٤٤-٤٩٣٣  VideoCapabilities       com.altayebat.app                    W  Unsupported mime video/x-ms-wmv
2026-05-26 23:59:59.993  ٤٨٤٤-٤٩٣٣  AudioCapabilities       com.altayebat.app                    W  Unsupported mediaType audio/iamf
2026-05-26 23:59:59.997  ٤٨٤٤-٤٩٣٣  VideoCapabilities       com.altayebat.app                    W  Unsupported mime video/x-mvhevc
2026-05-26 23:59:59.997  ٤٨٤٤-٤٩٣٣  VideoCapabilities       com.altayebat.app                    W  Unsupported mime image/vnd.android.heic
2026-05-26 23:59:59.997  ٤٨٤٤-٤٩٣٣  VideoCapabilities       com.altayebat.app                    W  Unrecognized profile/level 32768/256 for video/mp4v-es
2026-05-26 23:59:59.999  ٤٨٤٤-٤٩٣٣  AudioCapabilities       com.altayebat.app                    W  Unsupported mime audio/x-ape
2026-05-27 00:00:00.000  ٤٨٤٤-٤٩٣٣  AudioCapabilities       com.altayebat.app                    W  Unsupported mime audio/x-ima
2026-05-27 00:00:00.000  ٤٨٤٤-٤٩٣٣  AudioCapabilities       com.altayebat.app                    W  Unsupported mime audio/mpeg-L1
2026-05-27 00:00:00.000  ٤٨٤٤-٤٩٣٣  AudioCapabilities       com.altayebat.app                    W  Unsupported mime audio/mpeg-L2
2026-05-27 00:00:00.000  ٤٨٤٤-٤٩٣٣  VideoCapabilities       com.altayebat.app                    W  Unsupported mime video/wvc1
2026-05-27 00:00:00.000  ٤٨٤٤-٤٩٣٣  VideoCapabilities       com.altayebat.app                    W  Unsupported mime video/wvc1
2026-05-27 00:00:00.000  ٤٨٤٤-٤٩٣٣  VideoCapabilities       com.altayebat.app                    W  Unsupported mime video/x-ms-wmv
2026-05-27 00:00:00.001  ٤٨٤٤-٤٩٣٣  AudioCapabilities       com.altayebat.app                    W  Unsupported mime audio/iamf
2026-05-27 00:00:00.002  ٤٨٤٤-٤٩٣٣  VideoCapabilities       com.altayebat.app                    W  Unsupported mime video/x-mvhevc
2026-05-27 00:00:00.002  ٤٨٤٤-٤٩٣٣  VideoCapabilities       com.altayebat.app                    W  Unsupported mime image/vnd.android.heic
2026-05-27 00:00:00.002  ٤٨٤٤-٤٩٣٣  VideoCapabilities       com.altayebat.app                    W  Unsupported mime image/vnd.android.heic
2026-05-27 00:00:00.002  ٤٨٤٤-٤٩٣٣  VideoCapabilities       com.altayebat.app                    W  Unrecognized profile/level 32768/256 for video/mp4v-es
2026-05-27 00:00:00.026  ٢٣٩٨-٣٦٢٥  MdnieScena...rolService system_server                        D   packageName : com.altayebat.app    className : com.altayebat.app.MainActivity
2026-05-27 00:00:00.067  ٢٣٩٨-٣٧٦٤  NetdEventL...nerService system_server                        D  DNS Requested by 218, 10403(com.altayebat.app), SUCCESS, 30ms
2026-05-27 00:00:00.323  ٢٣٩٨-٢٧٥١  SGM:GameManager         system_server                        D  identifyGamePackage. com.altayebat.app, mCurrentUserId: 0, callingMethodInfo: com.samsung.android.game.IGameManagerService$Stub.onTransact(IGameManagerService.java:247)
2026-05-27 00:00:00.451  ٢٣٩٨-٣٧٦٤  NetdEventL...nerService system_server                        D  DNS Requested by 218, 10403(com.altayebat.app), SUCCESS, 0ms
2026-05-27 00:00:00.464  ٢٣٩٨-٢٩٥٠  SGM:GameManager         system_server                        D  identifyForegroundApp. com.altayebat.app, mCurrentUserId: 0, callerUserId: 0
2026-05-27 00:00:00.563  ٢٣٩٨-٢٧٥١  WindowManager           system_server                        V  Finish Transition: TransitionRecord{d9eca8 id=4202 type=OPEN flags=0x0 c=[
                                                                                                       ChangeInfo{35989f9 container=ActivityRecord{81077185 u0 com.altayebat.app/.MainActivity t1095} flags=0x0}
                                                                                                       ChangeInfo{8f40e13 container=ActivityRecord{85574106 u0 com.sec.android.app.launcher/.activities.LauncherActivity t8} flags=0x0}
                                                                                                       ChangeInfo{1e5f850 container=WallpaperWindowToken{6508891 showWhenLocked=true}_<lock> flags=0x0}
                                                                                                       ChangeInfo{4bfcd3e container=Display{#0 state=ON size=1080x2340 ROTATION_0} flags=0x0}
                                                                                                       ChangeInfo{e734a49 container=RemoteWallpaperAnim:1:1@180032570 flags=0x0}
                                                                                                       ChangeInfo{52f0f4e container=Task{b2f2054 #8 type=home I=com.sec.android.app.launcher/.activities.LauncherActivity} flags=0x10}
                                                                                                       ChangeInfo{227779f container=DefaultTaskDisplayArea_d0@206802246 flags=0x0}
                                                                                                       ChangeInfo{53a90ec container=Task{d352b54 #1095 type=standard A=10403:com.altayebat.app} flags=0x10}
                                                                                                       ChangeInfo{7786f container=Task{f33cebc #1 type=home} flags=0x10}
                                                                                                    ]
                                                                                                    }, caller=com.android.server.wm.WindowOrganizerController.finishTransitionInner:31 com.android.server.wm.WindowOrganizerController.finishAllTransitions:60 android.window.IWindowOrganizerController$Stub.onTransact:283 
2026-05-27 00:00:00.564  ٢٣٩٨-٢٧٥١  ChangeTran...Controller system_server                        D  onTransitionFinished: TransitionRecord{d9eca8 id=4202 type=OPEN flags=0x0 c=[
                                                                                                       ChangeInfo{35989f9 container=ActivityRecord{81077185 u0 com.altayebat.app/.MainActivity t1095} flags=0x0}
                                                                                                       ChangeInfo{8f40e13 container=ActivityRecord{85574106 u0 com.sec.android.app.launcher/.activities.LauncherActivity t8} flags=0x0}
                                                                                                       ChangeInfo{1e5f850 container=WallpaperWindowToken{6508891 showWhenLocked=true}_<lock> flags=0x0}
                                                                                                       ChangeInfo{4bfcd3e container=Display{#0 state=ON size=1080x2340 ROTATION_0} flags=0x0}
                                                                                                       ChangeInfo{e734a49 container=RemoteWallpaperAnim:1:1@180032570 flags=0x0}
                                                                                                       ChangeInfo{52f0f4e container=Task{b2f2054 #8 type=home I=com.sec.android.app.launcher/.activities.LauncherActivity} flags=0x10}
                                                                                                       ChangeInfo{227779f container=DefaultTaskDisplayArea_d0@206802246 flags=0x0}
                                                                                                       ChangeInfo{53a90ec container=Task{d352b54 #1095 type=standard A=10403:com.altayebat.app} flags=0x10}
                                                                                                       ChangeInfo{7786f container=Task{f33cebc #1 type=home} flags=0x10}
                                                                                                    ]
                                                                                                    }
2026-05-27 00:00:00.565  ٢٣٩٨-٢٩٥١  SurfaceComposerClient   system_server                        D  setCornerRadius ## 1677f4a Splash Screen com.altayebat.app#63008 cornerRadius=0.000000
2026-05-27 00:00:00.565  ٢٣٩٨-٢٩٥١  SurfaceComposerClient   system_server                        D  setCornerRadius ## a841afc com.altayebat.app/com.altayebat.app.MainActivity#63017 cornerRadius=0.000000
2026-05-27 00:00:00.572  ٢٣٩٨-٢٩٥١  SurfaceComposerClient   system_server                        D  setCornerRadius ## 1677f4a Splash Screen com.altayebat.app#63008 cornerRadius=0.000000
2026-05-27 00:00:00.572  ٢٣٩٨-٢٩٥١  SurfaceComposerClient   system_server                        D  setCornerRadius ## a841afc com.altayebat.app/com.altayebat.app.MainActivity#63017 cornerRadius=0.000000
2026-05-27 00:00:00.572  ١٨٧٨-١٨٧٨  SurfaceFlinger          surfaceflinger                       D  Display 4630947191136750483 HWC layers:
                                                                                                           DEVICE |           17132624632953 | 00000100 | 0x7fa30c09   |  165.0  356.2 1275.0 2763.8 |    0    0 1080 2340 | Wallpaper BBQ wrapper 7_systemlock#79 (79541)
                                                                                                           DEVICE |           16509854307975 | 00002100 | RGBA_8888    |    0.0    0.0 1080.0 2340.0 |    0    0 1080 2340 | Splash Screen com.altayebat.app$_3844#63009 (1)
                                                                                                           DEVICE |           16509854307918 | 00002100 | RGBA_8888    |    0.0    0.0 1080.0   85.0 |    0    0 1080   85 | StatusBar$_3844#98 (61388)
                                                                                                           DEVICE |           19593640819762 | 00002100 | RGBA_8888    |    0.0    0.0   67.0  342.0 | 1013  303 1080  645 | com.sec.android.app.launcher/com.sam[...]l.app.CocktailBarService$_4562#62986 (1)
                                                                                                           DEVICE |           16509854307924 | 00002100 | RGBA_8888    |    0.0    0.0 1080.0  135.0 |    0 2205 1080 2340 | NavigationBar0$_3844#94 (89781)
                                                                                                    
2026-05-27 00:00:00.572  ٢٣٩٨-٤٢٤٣  SurfaceComposerClient   system_server                        D  setCornerRadius ## 1677f4a Splash Screen com.altayebat.app#63008 cornerRadius=0.000000
2026-05-27 00:00:00.572  ٢٣٩٨-٤٢٤٣  SurfaceComposerClient   system_server                        D  setCornerRadius ## a841afc com.altayebat.app/com.altayebat.app.MainActivity#63017 cornerRadius=0.000000
2026-05-27 00:00:00.572  ٢٣٩٨-٤٢٤٣  SurfaceComposerClient   system_server                        D  setCornerRadius ## 1677f4a Splash Screen com.altayebat.app#63008 cornerRadius=0.000000
2026-05-27 00:00:00.572  ٢٣٩٨-٤٢٤٣  SurfaceComposerClient   system_server                        D  setCornerRadius ## a841afc com.altayebat.app/com.altayebat.app.MainActivity#63017 cornerRadius=0.000000
2026-05-27 00:00:00.573  ٢٣٩٨-٢٧٥١  SurfaceComposerClient   system_server                        D  setCornerRadius ## 1677f4a Splash Screen com.altayebat.app#63008 cornerRadius=0.000000
2026-05-27 00:00:00.573  ٢٣٩٨-٢٧٥١  SurfaceComposerClient   system_server                        D  setCornerRadius ## a841afc com.altayebat.app/com.altayebat.app.MainActivity#63017 cornerRadius=0.000000
2026-05-27 00:00:00.573  ٢٣٩٨-٢٧٥١  SurfaceComposerClient   system_server                        D  setCornerRadius ## 1677f4a Splash Screen com.altayebat.app#63008 cornerRadius=0.000000
2026-05-27 00:00:00.573  ٢٣٩٨-٢٧٥١  SurfaceComposerClient   system_server                        D  setCornerRadius ## a841afc com.altayebat.app/com.altayebat.app.MainActivity#63017 cornerRadius=0.000000
2026-05-27 00:00:00.580  ١٨٧٨-١٨٧٨  SurfaceFlinger          surfaceflinger                       D  Display 4630947191136750483 HWC layers:
                                                                                                           DEVICE |           16509854307975 | 00002100 | RGBA_8888    |    0.0    0.0 1080.0 2340.0 |    0    0 1080 2340 | Splash Screen com.altayebat.app$_3844#63009 (1)
                                                                                                           DEVICE |           16509854307918 | 00002100 | RGBA_8888    |    0.0    0.0 1080.0   85.0 |    0    0 1080   85 | StatusBar$_3844#98 (61388)
                                                                                                           DEVICE |           19593640819762 | 00002100 | RGBA_8888    |    0.0    0.0   67.0  342.0 | 1013  303 1080  645 | com.sec.android.app.launcher/com.sam[...]l.app.CocktailBarService$_4562#62986 (1)
                                                                                                           DEVICE |           16509854307924 | 00002100 | RGBA_8888    |    0.0    0.0 1080.0  135.0 |    0 2205 1080 2340 | NavigationBar0$_3844#94 (89781)
                                                                                                    
2026-05-27 00:00:01.297  ٢٣٩٨-٣٧٢٤  SGM:GameManager         system_server                        D  identifyGamePackage. com.altayebat.app, mCurrentUserId: 0, callingMethodInfo: com.samsung.android.game.SemGameManager.isGamePackage(SemGameManager.java:106)
2026-05-27 00:00:01.297  ٢٣٩٨-٣٧٢٤  SGM:SemGameManager      system_server                        D  isGamePackage(), pkgName=com.altayebat.app, ret=false
2026-05-27 00:00:01.478  ٤٨٤٤-٤٨٤٤  VRI[MainAc...y]@d25c0f6 com.altayebat.app                    D  Setup new sync=wmsSync-VRI[MainActivity]@d25c0f6#0
2026-05-27 00:00:01.478  ٤٨٤٤-٤٨٤٤  VRI[MainAc...y]@d25c0f6 com.altayebat.app                    I  Creating new active sync group VRI[MainActivity]@d25c0f6#1
2026-05-27 00:00:01.478  ٤٨٤٤-٤٨٤٤  VRI[MainAc...y]@d25c0f6 com.altayebat.app                    D  Draw frame after cancel
2026-05-27 00:00:01.478  ٤٨٤٤-٤٨٤٤  VRI[MainAc...y]@d25c0f6 com.altayebat.app                    D  registerCallbacksForSync syncBuffer=false
2026-05-27 00:00:01.478  ٤٨٤٤-٤٨٤٤  View                    com.altayebat.app                    I  setRequestedFrameRate frameRate=-4.0, this=com.getcapacitor.CapacitorWebView{d204898 VFEDHVC.. .F...... 0,85-1080,2205 #7f0800c2 app:id/webview}, caller=android.view.ViewGroup.setRequestedFrameRate:9952 WV.yf.p:1 WV.xg.h:117 WV.xg.onDraw:7 com.android.webview.chromium.WebViewChromium.onDraw:19 
2026-05-27 00:00:01.479  ٤٨٤٤-٤٩٧٠  VRI[MainAc...y]@d25c0f6 com.altayebat.app                    D  Received frameDrawingCallback syncResult=0 frameNum=1.
2026-05-27 00:00:01.479  ٤٨٤٤-٤٩٧٠  VRI[MainAc...y]@d25c0f6 com.altayebat.app                    I  mWNT: t=0xb4000075d5331450 mBlastBufferQueue=0xb4000075b530d430 fn= 1 HdrRenderState mRenderHdrSdrRatio=1.0 caller= android.view.ViewRootImpl$12.onFrameDraw:15441 android.view.ThreadedRenderer$1.onFrameDraw:718 <bottom of call stack> 
2026-05-27 00:00:01.479  ٤٨٤٤-٤٩٧٠  VRI[MainAc...y]@d25c0f6 com.altayebat.app                    I  Setting up sync and frameCommitCallback
2026-05-27 00:00:01.488  ٤٨٤٤-٤٨٧٤  BLASTBufferQueue        com.altayebat.app                    I  [VRI[MainActivity]@d25c0f6#0](f:0,a:0,s:0) onFrameAvailable the first frame is available
2026-05-27 00:00:01.488  ٤٨٤٤-٤٨٧٤  SurfaceComposerClient   com.altayebat.app                    I  apply transaction with the first frame. layerId: 63018, bufferData(ID: 20804821581827, frameNumber: 1)
2026-05-27 00:00:01.488  ٤٨٤٤-٤٨٧٤  VRI[MainAc...y]@d25c0f6 com.altayebat.app                    I  Received frameCommittedCallback lastAttemptedDrawFrameNum=1 didProduceBuffer=true
2026-05-27 00:00:01.489  ١٨٧٨-١٩٤٦  SurfaceFlinger          surfaceflinger                       I  [com.altayebat.app/com.altayebat.app.MainActivity$_4844#63018] setTransactionState with the first frame. bufferData(ID: 20804821581827, frameNumber: 1)
2026-05-27 00:00:01.489  ٤٨٤٤-٤٨٧٤  HWUI                    com.altayebat.app                    D  CFMS:: SetUp Pid : 4844    Tid : 4874
2026-05-27 00:00:01.489  ٤٨٤٤-٤٨٤٤  VRI[MainAc...y]@d25c0f6 com.altayebat.app                    D  reportDrawFinished seqId=0
2026-05-27 00:00:01.489  ٢٣٩٨-٢٧٥١  WindowManager           system_server                        D  finishDrawingWindow: Window{a841afc u0 com.altayebat.app/com.altayebat.app.MainActivity} mDrawState=DRAW_PENDING seqId=0
2026-05-27 00:00:01.489  ٢٣٩٨-٢٩٥١  SurfaceComposerClient   system_server                        D  setCornerRadius ## 1677f4a Splash Screen com.altayebat.app#63008 cornerRadius=0.000000
2026-05-27 00:00:01.489  ٢٣٩٨-٢٩٥١  SurfaceComposerClient   system_server                        D  setCornerRadius ## a841afc com.altayebat.app/com.altayebat.app.MainActivity#63017 cornerRadius=0.000000
2026-05-27 00:00:01.489  ٤٨٤٤-٤٨٤٤  View                    com.altayebat.app                    I  setRequestedFrameRate frameRate=-4.0, this=com.getcapacitor.CapacitorWebView{d204898 VFEDHVC.. .F...... 0,85-1080,2205 #7f0800c2 app:id/webview}, caller=android.view.ViewGroup.setRequestedFrameRate:9952 WV.yf.p:1 WV.xg.h:117 WV.xg.onDraw:7 com.android.webview.chromium.WebViewChromium.onDraw:19 
2026-05-27 00:00:01.490  ٢٣٩٨-٢٩٥١  SurfaceComposerClient   system_server                        D  setCornerRadius ## 1677f4a Splash Screen com.altayebat.app#63008 cornerRadius=0.000000
2026-05-27 00:00:01.490  ٢٣٩٨-٢٩٥١  WindowManager           system_server                        V  Finish starting ActivityRecord{81077185 u0 com.altayebat.app/.MainActivity t1095}: first real window is shown, no animation
2026-05-27 00:00:01.490  ٢٣٩٨-٢٩٥١  WindowManager           system_server                        V  performShowLocked: mDrawState=HAS_DRAWN in Window{a841afc u0 com.altayebat.app/com.altayebat.app.MainActivity}
